	menhinick
S100.8123_S2	0.5525556874070487
S101.8118_S3	1.0772790033487505
S102.8145_S4	0.7328369263572485
S103.8150_S5	0.8472225649227303
S104.8162_S6	0.6612710711488238
S105.8151_S7	0.5388168896252461
S106.8079_S8	0.36094261122335547
S107.8192_S9	0.32678486388822087
S108.8103_S10	0.42238713124282956
S109.8446_S11	0.9091979392387172
S110.8096_S12	0.5121811064791514
S111.8449_S13	0.7357291772513694
S112.8459_S14	0.775890692272294
S113.8451_S15	0.9554666545362758
S114.8452_S16	0.7119681998868564
S115.8234_S17	0.692003506472021
S116.8209_S18	0.8659741964274887
S117.8026_S19	0.6777059066000947
S118.8490_S20	0.5641619878438823
S119.8130_S21	0.735205790846057
S120.8477_S22	1.073942135767204
S121.8264_S23	0.6795916931888889
S122.8134_S24	2.1693727228097996
S123.8176_S25	0.769885563276153
S124.8224_S26	0.8738559962604912
S125.8210_S27	0.5099632604212543
S126.8135_S28	1.0734801442845756
S127.8112_S29	0.9331202714935156
S128.8202_S30	0.814190770460488
S129.8204_S31	0.48716482466649325
S130.8507_S32	1.2927735088544046
S131.8274_S33	0.8207091316977063
S132.8297_S34	0.8797163208370596
S133.8222_S35	0.5787964459504504
S134.8546_S36	0.6194227077308059
S135.8381_S37	0.6679289205779151
S136.8391_S38	0.6053141694011042
S137.8574_S39	1.5695907018591206
S138.8047_S40	0.711832965228784
S139.8583_S41	1.3548701096115998
S140.8013_S42	0.8513978411931762
S141.8080_S43	0.7755624863817513
S142.8621_S44	0.8078640146102827
S143.8071_S45	0.8446438332241774
S144.8417_S46	0.7162698517752766
S145.8371_S47	0.7361633090417078
S146.8430_S48	0.940610880682346
S147.8369_S49	1.0880857453274657
S148.8242_S50	0.3857083170292931
S149.8312_S51	0.8515086954686963
